// Jest Snapshot v1, https://goo.gl/fbAQLP

exports[`<FlavorStar /> renders correctly 1`] = `
ShallowWrapper {
  Symbol(enzyme.__root__): [Circular],
  Symbol(enzyme.__unrendered__): <FlavorStar />,
  Symbol(enzyme.__renderer__): Object {
    "batchedUpdates": [Function],
    "checkPropTypes": [Function],
    "getNode": [Function],
    "render": [Function],
    "simulateError": [Function],
    "simulateEvent": [Function],
    "unmount": [Function],
  },
  Symbol(enzyme.__node__): Object {
    "instance": null,
    "key": undefined,
    "nodeType": "host",
    "props": Object {
      "children": <svg
        height={640}
        width={640}
      >
        <FlavorCircle
          radius={70}
          type="salty_umami"
          x={270}
          y={54.69149439892783}
        />
        <FlavorCircle
          radius={70}
          type="sweet"
          x={470}
          y={200}
        />
        <FlavorCircle
          radius={70}
          type="sour"
          x={146.3932022500211}
          y={435.1141009169893}
        />
         */}
        <FlavorCircle
          radius={70}
          type="bitter"
          x={393.6067977499791}
          y={435.1141009169893}
        />
        <FlavorCircle
          radius={70}
          type="spice"
          x={70}
          y={200}
        />
      </svg>,
    },
    "ref": null,
    "rendered": Object {
      "instance": null,
      "key": undefined,
      "nodeType": "host",
      "props": Object {
        "children": Array [
          <FlavorCircle
            radius={70}
            type="salty_umami"
            x={270}
            y={54.69149439892783}
          />,
          <FlavorCircle
            radius={70}
            type="sweet"
            x={470}
            y={200}
          />,
          <FlavorCircle
            radius={70}
            type="sour"
            x={146.3932022500211}
            y={435.1141009169893}
          />,
          " */}",
          <FlavorCircle
            radius={70}
            type="bitter"
            x={393.6067977499791}
            y={435.1141009169893}
          />,
          <FlavorCircle
            radius={70}
            type="spice"
            x={70}
            y={200}
          />,
        ],
        "height": 640,
        "width": 640,
      },
      "ref": null,
      "rendered": Array [
        Object {
          "instance": null,
          "key": undefined,
          "nodeType": "class",
          "props": Object {
            "radius": 70,
            "type": "salty_umami",
            "x": 270,
            "y": 54.69149439892783,
          },
          "ref": null,
          "rendered": null,
          "type": [Function],
        },
        Object {
          "instance": null,
          "key": undefined,
          "nodeType": "class",
          "props": Object {
            "radius": 70,
            "type": "sweet",
            "x": 470,
            "y": 200,
          },
          "ref": null,
          "rendered": null,
          "type": [Function],
        },
        Object {
          "instance": null,
          "key": undefined,
          "nodeType": "class",
          "props": Object {
            "radius": 70,
            "type": "sour",
            "x": 146.3932022500211,
            "y": 435.1141009169893,
          },
          "ref": null,
          "rendered": null,
          "type": [Function],
        },
        " */}",
        Object {
          "instance": null,
          "key": undefined,
          "nodeType": "class",
          "props": Object {
            "radius": 70,
            "type": "bitter",
            "x": 393.6067977499791,
            "y": 435.1141009169893,
          },
          "ref": null,
          "rendered": null,
          "type": [Function],
        },
        Object {
          "instance": null,
          "key": undefined,
          "nodeType": "class",
          "props": Object {
            "radius": 70,
            "type": "spice",
            "x": 70,
            "y": 200,
          },
          "ref": null,
          "rendered": null,
          "type": [Function],
        },
      ],
      "type": "svg",
    },
    "type": "div",
  },
  Symbol(enzyme.__nodes__): Array [
    Object {
      "instance": null,
      "key": undefined,
      "nodeType": "host",
      "props": Object {
        "children": <svg
          height={640}
          width={640}
        >
          <FlavorCircle
            radius={70}
            type="salty_umami"
            x={270}
            y={54.69149439892783}
          />
          <FlavorCircle
            radius={70}
            type="sweet"
            x={470}
            y={200}
          />
          <FlavorCircle
            radius={70}
            type="sour"
            x={146.3932022500211}
            y={435.1141009169893}
          />
           */}
          <FlavorCircle
            radius={70}
            type="bitter"
            x={393.6067977499791}
            y={435.1141009169893}
          />
          <FlavorCircle
            radius={70}
            type="spice"
            x={70}
            y={200}
          />
        </svg>,
      },
      "ref": null,
      "rendered": Object {
        "instance": null,
        "key": undefined,
        "nodeType": "host",
        "props": Object {
          "children": Array [
            <FlavorCircle
              radius={70}
              type="salty_umami"
              x={270}
              y={54.69149439892783}
            />,
            <FlavorCircle
              radius={70}
              type="sweet"
              x={470}
              y={200}
            />,
            <FlavorCircle
              radius={70}
              type="sour"
              x={146.3932022500211}
              y={435.1141009169893}
            />,
            " */}",
            <FlavorCircle
              radius={70}
              type="bitter"
              x={393.6067977499791}
              y={435.1141009169893}
            />,
            <FlavorCircle
              radius={70}
              type="spice"
              x={70}
              y={200}
            />,
          ],
          "height": 640,
          "width": 640,
        },
        "ref": null,
        "rendered": Array [
          Object {
            "instance": null,
            "key": undefined,
            "nodeType": "class",
            "props": Object {
              "radius": 70,
              "type": "salty_umami",
              "x": 270,
              "y": 54.69149439892783,
            },
            "ref": null,
            "rendered": null,
            "type": [Function],
          },
          Object {
            "instance": null,
            "key": undefined,
            "nodeType": "class",
            "props": Object {
              "radius": 70,
              "type": "sweet",
              "x": 470,
              "y": 200,
            },
            "ref": null,
            "rendered": null,
            "type": [Function],
          },
          Object {
            "instance": null,
            "key": undefined,
            "nodeType": "class",
            "props": Object {
              "radius": 70,
              "type": "sour",
              "x": 146.3932022500211,
              "y": 435.1141009169893,
            },
            "ref": null,
            "rendered": null,
            "type": [Function],
          },
          " */}",
          Object {
            "instance": null,
            "key": undefined,
            "nodeType": "class",
            "props": Object {
              "radius": 70,
              "type": "bitter",
              "x": 393.6067977499791,
              "y": 435.1141009169893,
            },
            "ref": null,
            "rendered": null,
            "type": [Function],
          },
          Object {
            "instance": null,
            "key": undefined,
            "nodeType": "class",
            "props": Object {
              "radius": 70,
              "type": "spice",
              "x": 70,
              "y": 200,
            },
            "ref": null,
            "rendered": null,
            "type": [Function],
          },
        ],
        "type": "svg",
      },
      "type": "div",
    },
  ],
  Symbol(enzyme.__options__): Object {
    "adapter": ReactSixteenAdapter {
      "options": Object {
        "enableComponentDidUpdateOnSetState": true,
        "legacyContextMode": "parent",
        "lifecycles": Object {
          "componentDidUpdate": Object {
            "onSetState": true,
          },
          "getChildContext": Object {
            "calledByRenderer": false,
          },
          "getDerivedStateFromError": true,
          "getDerivedStateFromProps": Object {
            "hasShouldComponentUpdateBug": false,
          },
          "getSnapshotBeforeUpdate": true,
          "setState": Object {
            "skipsComponentDidUpdateOnNullish": true,
          },
        },
      },
    },
  },
  Symbol(enzyme.__childContext__): null,
}
`;
